Loading Data...
Labels distribution: [4160  487]

--- Pruned Model (1000 units) ---
Baseline (Float32): 49.69%

--- 4-bit Fractional Sweep ---
ap_fixed<4, 2> (I=2, F=2):
  Accuracy: 25.82%
  W1 Saturation: 6.4%
ap_fixed<4, 3> (I=3, F=1):
  Accuracy: 68.04%
  W1 Saturation: 0.0%
ap_fixed<4, 4> (I=4, F=0):
  Accuracy: 62.41%
  W1 Saturation: 0.0%
Comparison (8-bit): 48.87%
  Accuracy Loss (8-bit): 0.82 points

--- Full Model (10000 units) ---
Baseline (Float32): 77.00%

--- 4-bit Fractional Sweep ---
ap_fixed<4, 2> (I=2, F=2):
  Accuracy: 26.02%
  W1 Saturation: 6.3%
ap_fixed<4, 3> (I=3, F=1):
  Accuracy: 90.34%
  W1 Saturation: 0.0%
ap_fixed<4, 4> (I=4, F=0):
  Accuracy: 90.85%
  W1 Saturation: 0.0%
Comparison (8-bit): 49.13%
  Accuracy Loss (8-bit): 27.87 points
